d:\development\nature studio\stellar-engine\third party\yaml-cpp\intermediate\debug - windows\x86_64\directives.obj
d:\development\nature studio\stellar-engine\third party\yaml-cpp\intermediate\debug - windows\x86_64\memory.obj
d:\development\nature studio\stellar-engine\third party\yaml-cpp\intermediate\debug - windows\x86_64\scantoken.obj
d:\development\nature studio\stellar-engine\third party\yaml-cpp\intermediate\debug - windows\x86_64\depthguard.obj
d:\development\nature studio\stellar-engine\third party\yaml-cpp\intermediate\debug - windows\x86_64\node_data.obj
d:\development\nature studio\stellar-engine\third party\yaml-cpp\intermediate\debug - windows\x86_64\binary.obj
d:\development\nature studio\stellar-engine\third party\yaml-cpp\intermediate\debug - windows\x86_64\exp.obj
d:\development\nature studio\stellar-engine\third party\yaml-cpp\intermediate\debug - windows\x86_64\singledocparser.obj
d:\development\nature studio\stellar-engine\third party\yaml-cpp\intermediate\debug - windows\x86_64\graphbuilderadapter.obj
d:\development\nature studio\stellar-engine\third party\yaml-cpp\intermediate\debug - windows\x86_64\node.obj
d:\development\nature studio\stellar-engine\third party\yaml-cpp\intermediate\debug - windows\x86_64\scantag.obj
d:\development\nature studio\stellar-engine\third party\yaml-cpp\intermediate\debug - windows\x86_64\emitter.obj
d:\development\nature studio\stellar-engine\third party\yaml-cpp\intermediate\debug - windows\x86_64\parser.obj
d:\development\nature studio\stellar-engine\third party\yaml-cpp\intermediate\debug - windows\x86_64\emitterstate.obj
d:\development\nature studio\stellar-engine\third party\yaml-cpp\intermediate\debug - windows\x86_64\parse.obj
d:\development\nature studio\stellar-engine\third party\yaml-cpp\intermediate\debug - windows\x86_64\exceptions.obj
d:\development\nature studio\stellar-engine\third party\yaml-cpp\intermediate\debug - windows\x86_64\nodeevents.obj
d:\development\nature studio\stellar-engine\third party\yaml-cpp\intermediate\debug - windows\x86_64\simplekey.obj
d:\development\nature studio\stellar-engine\third party\yaml-cpp\intermediate\debug - windows\x86_64\emitterutils.obj
d:\development\nature studio\stellar-engine\third party\yaml-cpp\intermediate\debug - windows\x86_64\regex_yaml.obj
d:\development\nature studio\stellar-engine\third party\yaml-cpp\intermediate\debug - windows\x86_64\emitfromevents.obj
d:\development\nature studio\stellar-engine\third party\yaml-cpp\intermediate\debug - windows\x86_64\ostream_wrapper.obj
d:\development\nature studio\stellar-engine\third party\yaml-cpp\intermediate\debug - windows\x86_64\stream.obj
d:\development\nature studio\stellar-engine\third party\yaml-cpp\intermediate\debug - windows\x86_64\convert.obj
d:\development\nature studio\stellar-engine\third party\yaml-cpp\intermediate\debug - windows\x86_64\scanner.obj
d:\development\nature studio\stellar-engine\third party\yaml-cpp\intermediate\debug - windows\x86_64\graphbuilder.obj
d:\development\nature studio\stellar-engine\third party\yaml-cpp\intermediate\debug - windows\x86_64\nodebuilder.obj
d:\development\nature studio\stellar-engine\third party\yaml-cpp\intermediate\debug - windows\x86_64\tag.obj
d:\development\nature studio\stellar-engine\third party\yaml-cpp\intermediate\debug - windows\x86_64\emit.obj
d:\development\nature studio\stellar-engine\third party\yaml-cpp\intermediate\debug - windows\x86_64\null.obj
d:\development\nature studio\stellar-engine\third party\yaml-cpp\intermediate\debug - windows\x86_64\scanscalar.obj
d:\development\nature studio\stellar-engine\build\debug - windows\x86_64\yaml-cpp.pdb
d:\development\nature studio\stellar-engine\build\debug - windows\x86_64\yaml-cpp.lib
d:\development\nature studio\stellar-engine\third party\yaml-cpp\intermediate\debug - windows\x86_64\yaml-cpp.tlog\cl.16804.write.1.tlog
d:\development\nature studio\stellar-engine\third party\yaml-cpp\intermediate\debug - windows\x86_64\yaml-cpp.tlog\cl.command.1.tlog
d:\development\nature studio\stellar-engine\third party\yaml-cpp\intermediate\debug - windows\x86_64\yaml-cpp.tlog\cl.items.tlog
d:\development\nature studio\stellar-engine\third party\yaml-cpp\intermediate\debug - windows\x86_64\yaml-cpp.tlog\cl.read.1.tlog
d:\development\nature studio\stellar-engine\third party\yaml-cpp\intermediate\debug - windows\x86_64\yaml-cpp.tlog\lib-link.read.1.tlog
d:\development\nature studio\stellar-engine\third party\yaml-cpp\intermediate\debug - windows\x86_64\yaml-cpp.tlog\lib-link.write.1.tlog
d:\development\nature studio\stellar-engine\third party\yaml-cpp\intermediate\debug - windows\x86_64\yaml-cpp.tlog\lib.command.1.tlog
